F17 startup ready=1 voice_attempts=1 sms_attempts=1 successes_after_fault_cleared=0/0
F17 healthy_service_return_positive_control registrations_accepted=1/1
F17 rejected_service_return retries_after_fault_cleared=0/0 ready=1
F17 second_service_cycle_positive_control registrations_accepted=2/2
F65 nitz=26/09/28,12:00:00+0,0
F65 nitz=26/09/28,12:00:00+8,0
F65 nitz=26/09/28,12:00:00+8,1
ROUND11_RADIO defect assertions passed=31 failed=0
[247233.902] I ctl: server DMS(2) inst 0 at 0:100
[247233.902] I ctl: server UIM(11) inst 0 at 0:101
[247233.902] I ctl: server NAS(3) inst 0 at 0:102
[247233.902] I ctl: server WMS(5) inst 0 at 0:103
[247233.902] I ctl: server VOICE(9) inst 0 at 0:104
[247233.903] I ctl: server WDS(1) inst 0 at 0:105
[247233.903] I ctl: server WDA(26) inst 0 at 0:106
[247233.905] W UIM EF_ICCID read failed (qmi-error SIM_FILE_NOT_FOUND), trying DMS
[247236.422] W ctl: service VOICE gone
[247236.422] W ctl: service WMS gone
[247236.443] I ctl: server VOICE(9) inst 0 at 0:107
[247236.443] I ctl: server WMS(5) inst 0 at 0:108
[247236.463] W ctl: service VOICE gone
[247236.463] W ctl: service WMS gone
[247236.483] I ctl: server VOICE(9) inst 0 at 0:109
[247236.484] I ctl: server WMS(5) inst 0 at 0:110
[247239.004] W ctl: service VOICE gone
[247239.004] W ctl: service WMS gone
[247239.025] I ctl: server VOICE(9) inst 0 at 0:111
[247239.025] I ctl: server WMS(5) inst 0 at 0:112
